15:31:32 **** Clean-only build of configuration Debug for project Assign1 ****
make -j16 clean 
rm -rf ./Startup/startup_stm32l475vgtx.d ./Startup/startup_stm32l475vgtx.o
rm -rf ./Src/asm_func.d ./Src/asm_func.o ./Src/main.cyclo ./Src/main.d ./Src/main.o ./Src/main.su ./Src/sysmem.cyclo ./Src/sysmem.d ./Src/sysmem.o ./Src/sysmem.su
rm -rf Assign1.elf Assign1.list Assign1.map default.size.stdout
 
15:31:32 **** Build of configuration Debug for project Assign1 ****
make -j16 all 
arm-none-eabi-gcc -mcpu=cortex-m4 -g3 -c -x assembler-with-cpp -MMD -MP -MF"Startup/startup_stm32l475vgtx.d" -MT"Startup/startup_stm32l475vgtx.o" --specs=nano.specs -mfpu=fpv4-sp-d16 -mfloat-abi=soft -mthumb -o "Startup/startup_stm32l475vgtx.o" "../Startup/startup_stm32l475vgtx.s"
arm-none-eabi-gcc -mcpu=cortex-m4 -g3 -c -x assembler-with-cpp -MMD -MP -MF"Src/asm_func.d" -MT"Src/asm_func.o" --specs=nano.specs -mfpu=fpv4-sp-d16 -mfloat-abi=soft -mthumb -o "Src/asm_func.o" "../Src/asm_func.s"
arm-none-eabi-gcc "../Src/main.c" -mcpu=cortex-m4 -std=gnu11 -g3 -DSTM32L4 -DSTM32 -DDEBUG -DSTM32L475VGTx -c -O0 -ffunction-sections -fdata-sections -Wall -fstack-usage -fcyclomatic-complexity -MMD -MP -MF"Src/main.d" -MT"Src/main.o" --specs=nano.specs -mfpu=fpv4-sp-d16 -mfloat-abi=soft -mthumb -o "Src/main.o"
arm-none-eabi-gcc "../Src/sysmem.c" -mcpu=cortex-m4 -std=gnu11 -g3 -DSTM32L4 -DSTM32 -DDEBUG -DSTM32L475VGTx -c -O0 -ffunction-sections -fdata-sections -Wall -fstack-usage -fcyclomatic-complexity -MMD -MP -MF"Src/sysmem.d" -MT"Src/sysmem.o" --specs=nano.specs -mfpu=fpv4-sp-d16 -mfloat-abi=soft -mthumb -o "Src/sysmem.o"
arm-none-eabi-gcc -o "Assign1.elf" @"objects.list"  -lrdimon -mcpu=cortex-m4 -T"C:\Users\djleong01\Desktop\Uni\Y3S2\CG2028\CG2028_Labs\Assign1\STM32L475VGTX_FLASH.ld" --specs=nosys.specs -Wl,-Map="Assign1.map" -Wl,--gc-sections -static -specs=rdimon.specs -u _printf_float --specs=nano.specs -mfpu=fpv4-sp-d16 -mfloat-abi=soft -mthumb -u _printf_float -Wl,--start-group -lc -lm -Wl,--end-group
C:/ST/STM32CubeIDE_1.17.0/STM32CubeIDE/plugins/com.st.stm32cube.ide.mcu.externaltools.gnu-tools-for-stm32.12.3.rel1.win32_1.1.0.202410251130/tools/bin/../lib/gcc/arm-none-eabi/12.3.1/../../../../arm-none-eabi/bin/ld.exe: C:/ST/STM32CubeIDE_1.17.0/STM32CubeIDE/plugins/com.st.stm32cube.ide.mcu.externaltools.gnu-tools-for-stm32.12.3.rel1.win32_1.1.0.202410251130/tools/bin/../lib/gcc/arm-none-eabi/12.3.1/../../../../arm-none-eabi/lib/thumb/v7e-m/nofp\libc_nano.a(libc_a-signalr.o): in function `_kill_r':
(.text._kill_r+0xe): warning: _kill is not implemented and will always fail
C:/ST/STM32CubeIDE_1.17.0/STM32CubeIDE/plugins/com.st.stm32cube.ide.mcu.externaltools.gnu-tools-for-stm32.12.3.rel1.win32_1.1.0.202410251130/tools/bin/../lib/gcc/arm-none-eabi/12.3.1/../../../../arm-none-eabi/bin/ld.exe: warning: Assign1.elf has a LOAD segment with RWX permissions
Finished building target: Assign1.elf
 
arm-none-eabi-size  Assign1.elf 
arm-none-eabi-objdump -h -S Assign1.elf  > "Assign1.list"
   text	   data	    bss	    dec	    hex	filename
  16656	    472	   2072	  19200	   4b00	Assign1.elf
Finished building: default.size.stdout
 
Finished building: Assign1.list
 
